$ astro build
[33m[1m16:50:35[22m [WARN] [vite][39m [33mwarning: `esbuild` option was specified by "vite:react-babel" plugin. This option is deprecated, please use `oxc` instead.[39m
[33m[1m16:50:35[22m [WARN] [vite][39m [33mwarning: `optimizeDeps.esbuildOptions` option was specified by "vite:react-babel" plugin. This option is deprecated, please use `optimizeDeps.rolldownOptions` instead.[39m
[33m[1m16:50:35[22m [WARN] [vite][39m [33mYou or a plugin you are using have set `optimizeDeps.esbuildOptions` but this option is now deprecated. Vite now uses Rolldown to optimize the dependencies. Please use `optimizeDeps.rolldownOptions` instead.[39m
[2m16:50:35[22m [34m[vite][39m Re-optimizing dependencies because vite config has changed
[2m16:50:35[22m [34m[types][39m Generated [2m389ms[22m
[2m16:50:35[22m [34m[build][39m output: [34m"static"[39m
[2m16:50:35[22m [34m[build][39m mode: [34m"static"[39m
[2m16:50:35[22m [34m[build][39m directory: [34mC:\Users\mothi\Documents\AgentFlow\agentflow-docs\apps\landing\dist\[39m
[2m16:50:35[22m [34m[build][39m Collecting build info...
[2m16:50:35[22m [34m[build][39m [32m✓ Completed in 424ms.[39m
[2m16:50:35[22m [34m[build][39m Building static entrypoints...
[33m[1m16:50:35[22m [WARN] [vite][39m [33mwarning: `esbuild` option was specified by "vite:react-babel" plugin. This option is deprecated, please use `oxc` instead.[39m
[33m[1m16:50:35[22m [WARN] [vite][39m [33mwarning: `optimizeDeps.esbuildOptions` option was specified by "vite:react-babel" plugin. This option is deprecated, please use `optimizeDeps.rolldownOptions` instead.[39m
[33m[1m16:50:35[22m [WARN] [vite][39m [33mYou or a plugin you are using have set `optimizeDeps.esbuildOptions` but this option is now deprecated. Vite now uses Rolldown to optimize the dependencies. Please use `optimizeDeps.rolldownOptions` instead.[39m
[33m[1m16:50:35[22m [WARN] [vite][39m [33mwarning: `esbuild` option was specified by "vite:react-babel" plugin. This option is deprecated, please use `oxc` instead.[39m
[33m[1m16:50:35[22m [WARN] [vite][39m [33mwarning: `optimizeDeps.esbuildOptions` option was specified by "vite:react-babel" plugin. This option is deprecated, please use `optimizeDeps.rolldownOptions` instead.[39m
[33m[1m16:50:35[22m [WARN] [vite][39m [33mYou or a plugin you are using have set `optimizeDeps.esbuildOptions` but this option is now deprecated. Vite now uses Rolldown to optimize the dependencies. Please use `optimizeDeps.rolldownOptions` instead.[39m
[33m[1m16:50:35[22m [WARN] [vite][39m [33mwarning: `esbuild` option was specified by "vite:react-babel" plugin. This option is deprecated, please use `oxc` instead.[39m
[33m[1m16:50:35[22m [WARN] [vite][39m [33mwarning: `optimizeDeps.esbuildOptions` option was specified by "vite:react-babel" plugin. This option is deprecated, please use `optimizeDeps.rolldownOptions` instead.[39m
[33m[1m16:50:35[22m [WARN] [vite][39m [33mYou or a plugin you are using have set `optimizeDeps.esbuildOptions` but this option is now deprecated. Vite now uses Rolldown to optimize the dependencies. Please use `optimizeDeps.rolldownOptions` instead.[39m
[33m[1m16:50:35[22m [WARN] [vite][39m [33mwarning: `esbuild` option was specified by "vite:react-babel" plugin. This option is deprecated, please use `oxc` instead.[39m
[33m[1m16:50:35[22m [WARN] [vite][39m [33mwarning: `optimizeDeps.esbuildOptions` option was specified by "vite:react-babel" plugin. This option is deprecated, please use `optimizeDeps.rolldownOptions` instead.[39m
[33m[1m16:50:35[22m [WARN] [vite][39m [33mYou or a plugin you are using have set `optimizeDeps.esbuildOptions` but this option is now deprecated. Vite now uses Rolldown to optimize the dependencies. Please use `optimizeDeps.rolldownOptions` instead.[39m
[33m[1m16:50:35[22m [WARN] [vite][39m [33mwarning: `esbuild` option was specified by "vite:react-babel" plugin. This option is deprecated, please use `oxc` instead.[39m
[33m[1m16:50:35[22m [WARN] [vite][39m [33mwarning: `optimizeDeps.esbuildOptions` option was specified by "vite:react-babel" plugin. This option is deprecated, please use `optimizeDeps.rolldownOptions` instead.[39m
[33m[1m16:50:35[22m [WARN] [vite][39m [33mYou or a plugin you are using have set `optimizeDeps.esbuildOptions` but this option is now deprecated. Vite now uses Rolldown to optimize the dependencies. Please use `optimizeDeps.rolldownOptions` instead.[39m
[2m16:50:35[22m [34m[vite][39m [32m✓ built in 341ms[39m
[2m16:50:35[22m [34m[vite][39m [32m✓ built in 98ms[39m
[2m16:50:35[22m [34m[build][39m Rearranging server assets...

[42m[30m generating static routes [39m[49m
[2m16:50:36[22m   [34m├─[39m [2m/index.html[22m [2m(+38ms)[22m 
[2m16:50:36[22m [32m✓ Completed in 74ms.
[39m
[2m16:50:36[22m [34m[build][39m [32m✓ Completed in 584ms.[39m
[2m16:50:36[22m [34m[build][39m 1 page(s) built in [1m1.01s[22m
[2m16:50:36[22m [34m[build][39m [1mComplete![22m
